{"level":30,"time":"2025-06-13T12:10:30.008Z","pid":51968,"hostname":"groupieseensMBP","msg":"Starting Geometry Application"}
{"level":30,"time":"2025-06-13T12:10:30.008Z","pid":51968,"hostname":"groupieseensMBP","msg":"Processing triangles from file..."}
{"level":30,"time":"2025-06-13T12:10:30.009Z","pid":51968,"hostname":"groupieseensMBP","msg":"Created triangle with ID: triangle_1"}
{"level":30,"time":"2025-06-13T12:10:30.009Z","pid":51968,"hostname":"groupieseensMBP","msg":"Successfully created triangle from line 1: 0 0 1 0 0.5 0.866"}
{"level":30,"time":"2025-06-13T12:10:30.009Z","pid":51968,"hostname":"groupieseensMBP","msg":"Created triangle with ID: triangle_2"}
{"level":30,"time":"2025-06-13T12:10:30.009Z","pid":51968,"hostname":"groupieseensMBP","msg":"Successfully created triangle from line 2: 0 0 3 0 0 4"}
{"level":30,"time":"2025-06-13T12:10:30.009Z","pid":51968,"hostname":"groupieseensMBP","msg":"Created triangle with ID: triangle_3"}
{"level":30,"time":"2025-06-13T12:10:30.009Z","pid":51968,"hostname":"groupieseensMBP","msg":"Successfully created triangle from line 3: 0 0 2 0 1 1"}
{"level":30,"time":"2025-06-13T12:10:30.009Z","pid":51968,"hostname":"groupieseensMBP","msg":"Created triangle with ID: triangle_4"}
{"level":30,"time":"2025-06-13T12:10:30.009Z","pid":51968,"hostname":"groupieseensMBP","msg":"Successfully created triangle from line 4: 0 0 1 1 2 0"}
{"level":40,"time":"2025-06-13T12:10:30.009Z","pid":51968,"hostname":"groupieseensMBP","msg":"Skipping invalid line 5: 0 0 1 0 2a 0 - Invalid coordinate value: 2a"}
{"level":40,"time":"2025-06-13T12:10:30.009Z","pid":51968,"hostname":"groupieseensMBP","msg":"Skipping invalid line 6: 0 0 1 0 - Triangle requires 6 coordinates, got 4"}
{"level":40,"time":"2025-06-13T12:10:30.009Z","pid":51968,"hostname":"groupieseensMBP","msg":"Skipping invalid line 7: 0 0 0 0 0 0 - Invalid triangle data: Points are collinear and do not form a triangle"}
{"level":30,"time":"2025-06-13T12:10:30.009Z","pid":51968,"hostname":"groupieseensMBP","msg":"Created triangle with ID: triangle_8"}
{"level":30,"time":"2025-06-13T12:10:30.009Z","pid":51968,"hostname":"groupieseensMBP","msg":"Successfully created triangle from line 8: -1 -1 5 2 3 8"}
{"level":30,"time":"2025-06-13T12:10:30.009Z","pid":51968,"hostname":"groupieseensMBP","msg":"Created triangle with ID: triangle_9"}
{"level":30,"time":"2025-06-13T12:10:30.009Z","pid":51968,"hostname":"groupieseensMBP","msg":"Successfully created triangle from line 9: 0.5 1.5 2.7 3.1 4.2 0.8"}
{"level":30,"time":"2025-06-13T12:10:30.009Z","pid":51968,"hostname":"groupieseensMBP","msg":"Shape parsing completed"}
{"level":30,"time":"2025-06-13T12:10:30.009Z","pid":51968,"hostname":"groupieseensMBP","msg":"Loaded 6 triangles from file"}
{"level":30,"time":"2025-06-13T12:10:30.009Z","pid":51968,"hostname":"groupieseensMBP","msg":"Analyzing triangle: triangle_1"}
{"level":30,"time":"2025-06-13T12:10:30.009Z","pid":51968,"hostname":"groupieseensMBP","msg":"Calculated area for triangle triangle_1: 0.433"}
{"level":30,"time":"2025-06-13T12:10:30.009Z","pid":51968,"hostname":"groupieseensMBP","msg":"Calculated perimeter for triangle triangle_1: 2.999955999515989"}
{"level":30,"time":"2025-06-13T12:10:30.009Z","pid":51968,"hostname":"groupieseensMBP","msg":"Triangle triangle_1 is not equilateral"}
{"level":30,"time":"2025-06-13T12:10:30.009Z","pid":51968,"hostname":"groupieseensMBP","msg":"Triangle triangle_1 is isosceles"}
{"level":30,"time":"2025-06-13T12:10:30.009Z","pid":51968,"hostname":"groupieseensMBP","msg":"Triangle triangle_1 is not right-angled"}
{"level":30,"time":"2025-06-13T12:10:30.009Z","pid":51968,"hostname":"groupieseensMBP","msg":"Triangle triangle_1 is not right-angled"}
{"level":30,"time":"2025-06-13T12:10:30.009Z","pid":51968,"hostname":"groupieseensMBP","msg":"Triangle triangle_1 is isosceles"}
{"level":30,"time":"2025-06-13T12:10:30.009Z","pid":51968,"hostname":"groupieseensMBP","msg":"Triangle triangle_1 is not equilateral"}
{"level":30,"time":"2025-06-13T12:10:30.009Z","pid":51968,"hostname":"groupieseensMBP","msg":"Triangle triangle_1 analysis:"}
{"level":30,"time":"2025-06-13T12:10:30.009Z","pid":51968,"hostname":"groupieseensMBP","msg":"Analyzing triangle: triangle_2"}
{"level":30,"time":"2025-06-13T12:10:30.009Z","pid":51968,"hostname":"groupieseensMBP","msg":"Calculated area for triangle triangle_2: 6"}
{"level":30,"time":"2025-06-13T12:10:30.009Z","pid":51968,"hostname":"groupieseensMBP","msg":"Calculated perimeter for triangle triangle_2: 12"}
{"level":30,"time":"2025-06-13T12:10:30.009Z","pid":51968,"hostname":"groupieseensMBP","msg":"Triangle triangle_2 is not equilateral"}
{"level":30,"time":"2025-06-13T12:10:30.009Z","pid":51968,"hostname":"groupieseensMBP","msg":"Triangle triangle_2 is not isosceles"}
{"level":30,"time":"2025-06-13T12:10:30.009Z","pid":51968,"hostname":"groupieseensMBP","msg":"Triangle triangle_2 is right-angled"}
{"level":30,"time":"2025-06-13T12:10:30.009Z","pid":51968,"hostname":"groupieseensMBP","msg":"Triangle triangle_2 is right-angled"}
{"level":30,"time":"2025-06-13T12:10:30.009Z","pid":51968,"hostname":"groupieseensMBP","msg":"Triangle triangle_2 is not isosceles"}
{"level":30,"time":"2025-06-13T12:10:30.009Z","pid":51968,"hostname":"groupieseensMBP","msg":"Triangle triangle_2 is not equilateral"}
{"level":30,"time":"2025-06-13T12:10:30.009Z","pid":51968,"hostname":"groupieseensMBP","msg":"Triangle triangle_2 analysis:"}
{"level":30,"time":"2025-06-13T12:10:30.009Z","pid":51968,"hostname":"groupieseensMBP","msg":"Analyzing triangle: triangle_3"}
{"level":30,"time":"2025-06-13T12:10:30.009Z","pid":51968,"hostname":"groupieseensMBP","msg":"Calculated area for triangle triangle_3: 1"}
{"level":30,"time":"2025-06-13T12:10:30.009Z","pid":51968,"hostname":"groupieseensMBP","msg":"Calculated perimeter for triangle triangle_3: 4.82842712474619"}
{"level":30,"time":"2025-06-13T12:10:30.009Z","pid":51968,"hostname":"groupieseensMBP","msg":"Triangle triangle_3 is not equilateral"}
{"level":30,"time":"2025-06-13T12:10:30.009Z","pid":51968,"hostname":"groupieseensMBP","msg":"Triangle triangle_3 is isosceles"}
{"level":30,"time":"2025-06-13T12:10:30.009Z","pid":51968,"hostname":"groupieseensMBP","msg":"Triangle triangle_3 is right-angled"}
{"level":30,"time":"2025-06-13T12:10:30.009Z","pid":51968,"hostname":"groupieseensMBP","msg":"Triangle triangle_3 is right-angled"}
{"level":30,"time":"2025-06-13T12:10:30.009Z","pid":51968,"hostname":"groupieseensMBP","msg":"Triangle triangle_3 is isosceles"}
{"level":30,"time":"2025-06-13T12:10:30.009Z","pid":51968,"hostname":"groupieseensMBP","msg":"Triangle triangle_3 is not equilateral"}
{"level":30,"time":"2025-06-13T12:10:30.009Z","pid":51968,"hostname":"groupieseensMBP","msg":"Triangle triangle_3 analysis:"}
{"level":30,"time":"2025-06-13T12:10:30.009Z","pid":51968,"hostname":"groupieseensMBP","msg":"Analyzing triangle: triangle_4"}
{"level":30,"time":"2025-06-13T12:10:30.009Z","pid":51968,"hostname":"groupieseensMBP","msg":"Calculated area for triangle triangle_4: 1"}
{"level":30,"time":"2025-06-13T12:10:30.009Z","pid":51968,"hostname":"groupieseensMBP","msg":"Calculated perimeter for triangle triangle_4: 4.82842712474619"}
{"level":30,"time":"2025-06-13T12:10:30.009Z","pid":51968,"hostname":"groupieseensMBP","msg":"Triangle triangle_4 is not equilateral"}
{"level":30,"time":"2025-06-13T12:10:30.009Z","pid":51968,"hostname":"groupieseensMBP","msg":"Triangle triangle_4 is isosceles"}
{"level":30,"time":"2025-06-13T12:10:30.009Z","pid":51968,"hostname":"groupieseensMBP","msg":"Triangle triangle_4 is right-angled"}
{"level":30,"time":"2025-06-13T12:10:30.009Z","pid":51968,"hostname":"groupieseensMBP","msg":"Triangle triangle_4 is right-angled"}
{"level":30,"time":"2025-06-13T12:10:30.009Z","pid":51968,"hostname":"groupieseensMBP","msg":"Triangle triangle_4 is isosceles"}
{"level":30,"time":"2025-06-13T12:10:30.009Z","pid":51968,"hostname":"groupieseensMBP","msg":"Triangle triangle_4 is not equilateral"}
{"level":30,"time":"2025-06-13T12:10:30.009Z","pid":51968,"hostname":"groupieseensMBP","msg":"Triangle triangle_4 analysis:"}
{"level":30,"time":"2025-06-13T12:10:30.009Z","pid":51968,"hostname":"groupieseensMBP","msg":"Analyzing triangle: triangle_8"}
{"level":30,"time":"2025-06-13T12:10:30.009Z","pid":51968,"hostname":"groupieseensMBP","msg":"Calculated area for triangle triangle_8: 21"}
{"level":30,"time":"2025-06-13T12:10:30.009Z","pid":51968,"hostname":"groupieseensMBP","msg":"Calculated perimeter for triangle triangle_8: 22.881617054632233"}
{"level":30,"time":"2025-06-13T12:10:30.009Z","pid":51968,"hostname":"groupieseensMBP","msg":"Triangle triangle_8 is not equilateral"}
{"level":30,"time":"2025-06-13T12:10:30.009Z","pid":51968,"hostname":"groupieseensMBP","msg":"Triangle triangle_8 is not isosceles"}
{"level":30,"time":"2025-06-13T12:10:30.009Z","pid":51968,"hostname":"groupieseensMBP","msg":"Triangle triangle_8 is not right-angled"}
{"level":30,"time":"2025-06-13T12:10:30.009Z","pid":51968,"hostname":"groupieseensMBP","msg":"Triangle triangle_8 is not right-angled"}
{"level":30,"time":"2025-06-13T12:10:30.009Z","pid":51968,"hostname":"groupieseensMBP","msg":"Triangle triangle_8 is not isosceles"}
{"level":30,"time":"2025-06-13T12:10:30.010Z","pid":51968,"hostname":"groupieseensMBP","msg":"Triangle triangle_8 is not equilateral"}
{"level":30,"time":"2025-06-13T12:10:30.010Z","pid":51968,"hostname":"groupieseensMBP","msg":"Triangle triangle_8 analysis:"}
{"level":30,"time":"2025-06-13T12:10:30.010Z","pid":51968,"hostname":"groupieseensMBP","msg":"Analyzing triangle: triangle_9"}
{"level":30,"time":"2025-06-13T12:10:30.010Z","pid":51968,"hostname":"groupieseensMBP","msg":"Calculated area for triangle triangle_9: 3.7300000000000004"}
{"level":30,"time":"2025-06-13T12:10:30.010Z","pid":51968,"hostname":"groupieseensMBP","msg":"Calculated perimeter for triangle triangle_9: 9.231834222048832"}
{"level":30,"time":"2025-06-13T12:10:30.010Z","pid":51968,"hostname":"groupieseensMBP","msg":"Triangle triangle_9 is not equilateral"}
{"level":30,"time":"2025-06-13T12:10:30.010Z","pid":51968,"hostname":"groupieseensMBP","msg":"Triangle triangle_9 is not isosceles"}
{"level":30,"time":"2025-06-13T12:10:30.010Z","pid":51968,"hostname":"groupieseensMBP","msg":"Triangle triangle_9 is not right-angled"}
{"level":30,"time":"2025-06-13T12:10:30.010Z","pid":51968,"hostname":"groupieseensMBP","msg":"Triangle triangle_9 is not right-angled"}
{"level":30,"time":"2025-06-13T12:10:30.010Z","pid":51968,"hostname":"groupieseensMBP","msg":"Triangle triangle_9 is not isosceles"}
{"level":30,"time":"2025-06-13T12:10:30.010Z","pid":51968,"hostname":"groupieseensMBP","msg":"Triangle triangle_9 is not equilateral"}
{"level":30,"time":"2025-06-13T12:10:30.010Z","pid":51968,"hostname":"groupieseensMBP","msg":"Triangle triangle_9 analysis:"}
{"level":30,"time":"2025-06-13T12:10:30.010Z","pid":51968,"hostname":"groupieseensMBP","msg":"Processing cubes from file..."}
{"level":30,"time":"2025-06-13T12:10:30.010Z","pid":51968,"hostname":"groupieseensMBP","msg":"Created cube with ID: cube_1"}
{"level":30,"time":"2025-06-13T12:10:30.010Z","pid":51968,"hostname":"groupieseensMBP","msg":"Successfully created cube from line 1: 0 0 0 2"}
{"level":30,"time":"2025-06-13T12:10:30.010Z","pid":51968,"hostname":"groupieseensMBP","msg":"Created cube with ID: cube_2"}
{"level":30,"time":"2025-06-13T12:10:30.010Z","pid":51968,"hostname":"groupieseensMBP","msg":"Successfully created cube from line 2: 1 1 1 1.5"}
{"level":30,"time":"2025-06-13T12:10:30.010Z","pid":51968,"hostname":"groupieseensMBP","msg":"Created cube with ID: cube_3"}
{"level":30,"time":"2025-06-13T12:10:30.010Z","pid":51968,"hostname":"groupieseensMBP","msg":"Successfully created cube from line 3: 0 0 0 1"}
{"level":30,"time":"2025-06-13T12:10:30.010Z","pid":51968,"hostname":"groupieseensMBP","msg":"Created cube with ID: cube_4"}
{"level":30,"time":"2025-06-13T12:10:30.010Z","pid":51968,"hostname":"groupieseensMBP","msg":"Successfully created cube from line 4: -2 3 1 3"}
{"level":30,"time":"2025-06-13T12:10:30.010Z","pid":51968,"hostname":"groupieseensMBP","msg":"Created cube with ID: cube_5"}
{"level":30,"time":"2025-06-13T12:10:30.010Z","pid":51968,"hostname":"groupieseensMBP","msg":"Successfully created cube from line 5: 1.5 2.7 3.1 2.8"}
{"level":40,"time":"2025-06-13T12:10:30.010Z","pid":51968,"hostname":"groupieseensMBP","msg":"Skipping invalid line 6: 0 0 0 0 - Side length must be positive: 0"}
{"level":40,"time":"2025-06-13T12:10:30.010Z","pid":51968,"hostname":"groupieseensMBP","msg":"Skipping invalid line 7: 0 0 0 -1 - Invalid side length value: -1"}
{"level":40,"time":"2025-06-13T12:10:30.010Z","pid":51968,"hostname":"groupieseensMBP","msg":"Skipping invalid line 8: 1a 2 3 1 - Invalid coordinate value: 1a"}
{"level":40,"time":"2025-06-13T12:10:30.010Z","pid":51968,"hostname":"groupieseensMBP","msg":"Skipping invalid line 9: 1 2 - Cube requires 4 values (3 coordinates for center + side length), got 2"}
{"level":30,"time":"2025-06-13T12:10:30.010Z","pid":51968,"hostname":"groupieseensMBP","msg":"Shape parsing completed"}
{"level":30,"time":"2025-06-13T12:10:30.010Z","pid":51968,"hostname":"groupieseensMBP","msg":"Loaded 5 cubes from file"}
{"level":30,"time":"2025-06-13T12:10:30.010Z","pid":51968,"hostname":"groupieseensMBP","msg":"Analyzing cube: cube_1"}
{"level":30,"time":"2025-06-13T12:10:30.010Z","pid":51968,"hostname":"groupieseensMBP","msg":"Calculated surface area for cube cube_1: 24"}
{"level":30,"time":"2025-06-13T12:10:30.010Z","pid":51968,"hostname":"groupieseensMBP","msg":"Calculated volume for cube cube_1: 8"}
{"level":30,"time":"2025-06-13T12:10:30.010Z","pid":51968,"hostname":"groupieseensMBP","msg":"Shape cube_1 is a valid cube"}
{"level":30,"time":"2025-06-13T12:10:30.010Z","pid":51968,"hostname":"groupieseensMBP","msg":"Cube cube_1 base placement:"}
{"level":30,"time":"2025-06-13T12:10:30.010Z","pid":51968,"hostname":"groupieseensMBP","msg":"Volume ratio for cube cube_1 divided by xy plane at 0:"}
{"level":30,"time":"2025-06-13T12:10:30.010Z","pid":51968,"hostname":"groupieseensMBP","msg":"Volume ratio for cube cube_1 divided by xz plane at 0:"}
{"level":30,"time":"2025-06-13T12:10:30.010Z","pid":51968,"hostname":"groupieseensMBP","msg":"Volume ratio for cube cube_1 divided by yz plane at 0:"}
{"level":30,"time":"2025-06-13T12:10:30.010Z","pid":51968,"hostname":"groupieseensMBP","msg":"Cube cube_1 analysis:"}
{"level":30,"time":"2025-06-13T12:10:30.010Z","pid":51968,"hostname":"groupieseensMBP","msg":"Analyzing cube: cube_2"}
{"level":30,"time":"2025-06-13T12:10:30.010Z","pid":51968,"hostname":"groupieseensMBP","msg":"Calculated surface area for cube cube_2: 13.5"}
{"level":30,"time":"2025-06-13T12:10:30.010Z","pid":51968,"hostname":"groupieseensMBP","msg":"Calculated volume for cube cube_2: 3.375"}
{"level":30,"time":"2025-06-13T12:10:30.010Z","pid":51968,"hostname":"groupieseensMBP","msg":"Shape cube_2 is a valid cube"}
{"level":30,"time":"2025-06-13T12:10:30.010Z","pid":51968,"hostname":"groupieseensMBP","msg":"Cube cube_2 base placement:"}
{"level":30,"time":"2025-06-13T12:10:30.010Z","pid":51968,"hostname":"groupieseensMBP","msg":"Cube cube_2 analysis:"}
{"level":30,"time":"2025-06-13T12:10:30.010Z","pid":51968,"hostname":"groupieseensMBP","msg":"Analyzing cube: cube_3"}
{"level":30,"time":"2025-06-13T12:10:30.010Z","pid":51968,"hostname":"groupieseensMBP","msg":"Calculated surface area for cube cube_3: 6"}
{"level":30,"time":"2025-06-13T12:10:30.010Z","pid":51968,"hostname":"groupieseensMBP","msg":"Calculated volume for cube cube_3: 1"}
{"level":30,"time":"2025-06-13T12:10:30.010Z","pid":51968,"hostname":"groupieseensMBP","msg":"Shape cube_3 is a valid cube"}
{"level":30,"time":"2025-06-13T12:10:30.010Z","pid":51968,"hostname":"groupieseensMBP","msg":"Cube cube_3 base placement:"}
{"level":30,"time":"2025-06-13T12:10:30.010Z","pid":51968,"hostname":"groupieseensMBP","msg":"Volume ratio for cube cube_3 divided by xy plane at 0:"}
{"level":30,"time":"2025-06-13T12:10:30.010Z","pid":51968,"hostname":"groupieseensMBP","msg":"Volume ratio for cube cube_3 divided by xz plane at 0:"}
{"level":30,"time":"2025-06-13T12:10:30.010Z","pid":51968,"hostname":"groupieseensMBP","msg":"Volume ratio for cube cube_3 divided by yz plane at 0:"}
{"level":30,"time":"2025-06-13T12:10:30.010Z","pid":51968,"hostname":"groupieseensMBP","msg":"Cube cube_3 analysis:"}
{"level":30,"time":"2025-06-13T12:10:30.010Z","pid":51968,"hostname":"groupieseensMBP","msg":"Analyzing cube: cube_4"}
{"level":30,"time":"2025-06-13T12:10:30.010Z","pid":51968,"hostname":"groupieseensMBP","msg":"Calculated surface area for cube cube_4: 54"}
{"level":30,"time":"2025-06-13T12:10:30.010Z","pid":51968,"hostname":"groupieseensMBP","msg":"Calculated volume for cube cube_4: 27"}
{"level":30,"time":"2025-06-13T12:10:30.010Z","pid":51968,"hostname":"groupieseensMBP","msg":"Shape cube_4 is a valid cube"}
{"level":30,"time":"2025-06-13T12:10:30.010Z","pid":51968,"hostname":"groupieseensMBP","msg":"Cube cube_4 base placement:"}
{"level":30,"time":"2025-06-13T12:10:30.010Z","pid":51968,"hostname":"groupieseensMBP","msg":"Volume ratio for cube cube_4 divided by xy plane at 0:"}
{"level":30,"time":"2025-06-13T12:10:30.010Z","pid":51968,"hostname":"groupieseensMBP","msg":"Cube cube_4 analysis:"}
{"level":30,"time":"2025-06-13T12:10:30.010Z","pid":51968,"hostname":"groupieseensMBP","msg":"Analyzing cube: cube_5"}
{"level":30,"time":"2025-06-13T12:10:30.010Z","pid":51968,"hostname":"groupieseensMBP","msg":"Calculated surface area for cube cube_5: 47.03999999999999"}
{"level":30,"time":"2025-06-13T12:10:30.010Z","pid":51968,"hostname":"groupieseensMBP","msg":"Calculated volume for cube cube_5: 21.951999999999995"}
{"level":30,"time":"2025-06-13T12:10:30.010Z","pid":51968,"hostname":"groupieseensMBP","msg":"Shape cube_5 is a valid cube"}
{"level":30,"time":"2025-06-13T12:10:30.010Z","pid":51968,"hostname":"groupieseensMBP","msg":"Cube cube_5 base placement:"}
{"level":30,"time":"2025-06-13T12:10:30.010Z","pid":51968,"hostname":"groupieseensMBP","msg":"Cube cube_5 analysis:"}
{"level":30,"time":"2025-06-13T12:10:30.010Z","pid":51968,"hostname":"groupieseensMBP","msg":"Application completed successfully"}
